// Jest Snapshot v1, https://goo.gl/fbAQLP

exports[`Image renders with size 1`] = `
.emotion-0 {
  display: -webkit-inline-box;
  display: -webkit-inline-flex;
  display: -ms-inline-flexbox;
  display: inline-flex;
}

.emotion-1 {
  object-fit: cover;
  background-color: rgba(0, 0, 0, 0.04);
  border-radius: 4px;
}

<div
  className="emotion-0"
>
  <img
    alt=""
    className="emotion-1"
    height="200px"
    onError={[Function]}
    onLoad={[Function]}
    src="https://github.githubassets.com/images/modules/logos_page/GitHub-Mark.png"
    width="200px"
  />
</div>
`;
