// Jest Snapshot v1, https://goo.gl/fbAQLP

exports[`RadioGroup renders correctly 1`] = `
<DocumentFragment>
  .emotion-0 {
  display: -webkit-inline-box;
  display: -webkit-inline-flex;
  display: -ms-inline-flexbox;
  display: inline-flex;
  vertical-align: middle;
  -webkit-flex-direction: row;
  -ms-flex-direction: row;
  flex-direction: row;
  -webkit-align-items: center;
  -webkit-box-align: center;
  -ms-flex-align: center;
  align-items: center;
  gap: 24px;
}

.emotion-1 {
  display: -webkit-inline-box;
  display: -webkit-inline-flex;
  display: -ms-inline-flexbox;
  display: inline-flex;
  overflow: hidden;
  word-wrap: break-word;
  white-space: nowrap;
  -webkit-flex-direction: row;
  -ms-flex-direction: row;
  flex-direction: row;
  -webkit-align-items: center;
  -webkit-box-align: center;
  -ms-flex-align: center;
  align-items: center;
  -webkit-box-pack: center;
  -ms-flex-pack: center;
  -webkit-justify-content: center;
  justify-content: center;
  color: #1f1f1f;
  cursor: pointer;
}

.emotion-2 {
  -webkit-appearance: none;
  -moz-appearance: none;
  -webkit-appearance: none;
  -moz-appearance: none;
  -ms-appearance: none;
  appearance: none;
  border-radius: 50%;
  margin: auto 6px auto auto;
  width: 16px;
  height: 16px;
  border: solid 2px #ebebeb;
  cursor: pointer;
  -webkit-transition: 0.15s all linear;
  transition: 0.15s all linear;
}

.emotion-2:hover {
  border-color: #c2d8ff;
}

.emotion-2:disabled {
  cursor: not-allowed;
  border-color: #ebebeb;
  background-color: #f5f5f5;
}

.emotion-2:checked {
  border: 4px solid #134ae0;
}

.emotion-2:checked:hover {
  border-color: #175ceb;
}

.emotion-2:checked:disabled {
  border-color: #99beff;
}

<div
    class="emotion-0"
  >
    <label
      class="emotion-1"
    >
      <input
        class="emotion-2"
        name="1641367698699"
        type="radio"
        value="a"
      />
      a
    </label>
    <label
      class="emotion-1"
    >
      <input
        class="emotion-2"
        name="1641367698699"
        type="radio"
        value="b"
      />
      b
    </label>
    <label
      class="emotion-1"
    >
      <input
        class="emotion-2"
        name="1641367698699"
        type="radio"
        value="c"
      />
      c
    </label>
  </div>
</DocumentFragment>
`;
